[tsg.xyz/index.html]
[backblue.gif]
[fade.gif]
[index.html]
[tsg.xyz/_nuxt/entry.PUmZFD-c.css]
[tsg.xyz/_nuxt/index.CcfutiKt.css]
[tsg.xyz/_nuxt/CvpO30Rr.js]
[tsg.xyz/_nuxt/DTnUARUj.js]
[tsg.xyz/_nuxt/DlAUqK2U.js]
[tsg.xyz/_nuxt/DUB7PfjP.js]
[tsg.xyz/_nuxt/Nsngrmxn.js]
[tsg.xyz/_nuxt/builds/meta/bdb9e278-91ca-4feb-9b4d-54d9f2a52158.json]
[tsg.xyz/images/announcement.jpg]
[tsg.xyz/videos/announcement.mp4]
[tsg.xyz/cdn-cgi/l/email-protection]
[tsg.xyz/index.html]
[tsg.xyz/cdn-cgi/scripts/5c5dd728/cloudflare-static/email-decode.min.js]
[tsg.xyz/_nuxt/PPMori-Extralight.BhkGJ8B3.woff]
[tsg.xyz/_nuxt/PPMori-ExtralightItalic.BnPtREdA.woff]
[tsg.xyz/_nuxt/PPMori-Regular.C1Cp0C7Z.woff]
[tsg.xyz/_nuxt/PPMori-Semibold.BkyimhZk.woff]
[tsg.xyz/_nuxt/PPMori-SemiboldItalic.GFchRhFE.woff]
[tsg.xyz/_nuxt/entry.PUmZFD-c.css]
[tsg.xyz/_nuxt/index.CcfutiKt.css]
[tsg.xyz/cdn-cgi/l/email-protection.html]
[tsg.xyz/_nuxt/PPMori-Black.BCqa4nAv.woff]
[tsg.xyz/_nuxt/PPMori-BlackItalic.D5-ve5NR.woff]
[tsg.xyz/_nuxt/PPMori-RegularItalic.DZATIXKT.woff]
